         U abort@GLIBC_2.4
         U accept@GLIBC_2.4
         U __aeabi_atexit@CXXABI_ARM_1.3.3
         U __aeabi_uidiv@GCC_3.5
         U __aeabi_unwind_cpp_pr1@GCC_3.5
0001e81c r all_implied_fbits
0001f09c r all_implied_fbits
         U bind@GLIBC_2.4
00031390 B __bss_end__
00031390 B _bss_end__
00031238 B __bss_start
00031238 B __bss_start__
000127a0 t call_weak_fn
00031348 B CID
         U close@GLIBC_2.4
000312e0 b completed.0
000312f8 B conn
         U __cxa_begin_catch@CXXABI_1.3
         U __cxa_end_catch@CXXABI_1.3
         U __cxa_end_cleanup@CXXABI_1.3
         U __cxa_rethrow@CXXABI_1.3
         U __cxa_throw_bad_array_new_length@CXXABI_1.3.8
000311dc D __data_start
000311dc W data_start
000127c4 t deregister_tm_clones
00012828 t __do_global_dtors_aux
00030ef4 d __do_global_dtors_aux_fini_array_entry
000311e0 D __dso_handle
00030ef8 d _DYNAMIC
00031238 D _edata
00031390 B __end__
00031390 B _end
         U __errno_location@GLIBC_2.4
         U exit@GLIBC_2.4
         U fclose@GLIBC_2.4
         U fflush@GLIBC_2.4
00031354 B file
0001e810 T _fini
         U fopen@GLIBC_2.4
         U fprintf@GLIBC_2.4
00012850 t frame_dummy
00030ee4 d __frame_dummy_init_array_entry
0002032c r __FRAME_END__
         U free@GLIBC_2.4
         U ftime@GLIBC_2.4
         U fwrite@GLIBC_2.4
00031000 d _GLOBAL_OFFSET_TABLE_
0001743c t _GLOBAL__sub_I_g_pNetwork
0001e790 t _GLOBAL__sub_I_main
00012a04 t _GLOBAL__sub_I_parser_desp
         w __gmon_start__
000312e8 B g_pNetwork
         U __gxx_personality_v0@CXXABI_1.3
0003134c B Hash
         U htonl@GLIBC_2.4
         U htons@GLIBC_2.4
000121e0 T _init
00030ef4 d __init_array_end
00030ee4 d __init_array_start
0001e818 R _IO_stdin_used
         w _ITM_deregisterTMCloneTable
         w _ITM_registerTMCloneTable
0001e80c T __libc_csu_fini
0001e7ac T __libc_csu_init
         U __libc_start_main@GLIBC_2.4
         U listen@GLIBC_2.4
         U localtime_r@GLIBC_2.4
0001e6c0 T main
         U malloc@GLIBC_2.4
         U memcmp@GLIBC_2.4
         U memcpy@GLIBC_2.4
         U memset@GLIBC_2.4
         U mkdir@GLIBC_2.4
         U mysql_close@libmysqlclient_18
         U mysql_error@libmysqlclient_18
         U mysql_fetch_row@libmysqlclient_18
         U mysql_free_result@libmysqlclient_18
0003131c B mysqlID
         U mysql_init@libmysqlclient_18
         U mysql_query@libmysqlclient_18
         U mysql_real_connect@libmysqlclient_18
         U mysql_use_result@libmysqlclient_18
         U nanosleep@GLIBC_2.4
000311e4 D parser_desp
00031234 D p_packet
         U printf@GLIBC_2.4
         U pthread_create@GLIBC_2.4
         U pthread_detach@GLIBC_2.4
         U pthread_join@GLIBC_2.4
         w __pthread_key_create@GLIBC_2.4
         U pthread_mutex_init@GLIBC_2.4
         w pthread_mutex_trylock@GLIBC_2.4
         w pthread_mutex_unlock@GLIBC_2.4
         U pthread_self@GLIBC_2.4
00031344 B recv_buf
         U recv@GLIBC_2.4
000127f0 t register_tm_clones
000312fc B res
00031300 B row
         U select@GLIBC_2.4
000312ec B sendDataPacket
         U send@GLIBC_2.4
         U setsockopt@GLIBC_2.4
00031350 B Signed_Hash
         U sleep@GLIBC_2.4
         U socket@GLIBC_2.4
00012764 T _start
00031240 B stderr@GLIBC_2.4
000312dc B stdout@GLIBC_2.4
         U strcpy@GLIBC_2.4
         U strerror@GLIBC_2.4
         U strftime@GLIBC_2.4
         U strlen@GLIBC_2.4
         U strtol@GLIBC_2.4
00031238 D __TMC_END__
         U usleep@GLIBC_2.4
000312f4 B x
00012854 T _Z10cmd_parser7IO_PORTP12HEADERPACKET
00016e9c T _Z10initServerv
00015a64 T _Z10makePackethhhj
00015694 T _Z10mkdir_funcNSt7__cxx1112basic_stringIcSt11char_traitsIcESaIcEEE
00031304 B _Z10table_nameB5cxx11
0001719c T _Z10termServerv
0001623c T _Z11bind_socketji
00017318 T _Z11closesocketj
00015874 T _Z11insert_portP12HEADERPACKETi
00015fdc T _Z11recv_binaryP7IO_PORTlPv
00015e34 T _Z11send_binaryP7IO_PORTlPv
00013a58 T _Z11still_aliveP12HEADERPACKET
00012f84 T _Z12create_tablev
00015300 T _Z12hash_requestP12HEADERPACKET
00012a5c T _Z12initDatabaseP7db_user
000160f0 T _Z13create_socketv
00013884 T _Z13term_databasev
00015780 T _Z14get_table_nameB5cxx11v
000138bc T _Z14reshape_bufferii
000143b4 T _Z14verify_requestP12HEADERPACKET
00012c10 T _Z15insert_databasePcS_S_
00013a7c T _Z15public_key_sendP12HEADERPACKET
00013080 T _Z15update_databasePc
00015238 T _Z15verify_responseP12HEADERPACKET
00013e04 T _Z15video_data_sendP12HEADERPACKET
000131c4 T _Z17get_latest_key_IDB5cxx11Pc
00012e30 T _Z18insert_pk_databaseNSt7__cxx1112basic_stringIcSt11char_traitsIcESaIcEEEPc
00012b84 T _Z19mysql_perform_queryP8st_mysqlPc
00013da8 T _Z19public_key_responseP12HEADERPACKET
0001436c T _Z19video_data_responseP12HEADERPACKET
000152b8 T _Z20verified_result_sendP12HEADERPACKET
00012acc T _Z22mysql_connection_setup7db_user
000152dc T _Z24verified_result_responseP12HEADERPACKET
00015494 T _Z2cpNSt7__cxx1112basic_stringIcSt11char_traitsIcESaIcEEE
000129a0 t _Z41__static_initialization_and_destruction_0ii
00017340 t _Z41__static_initialization_and_destruction_0ii
0001e72c t _Z41__static_initialization_and_destruction_0ii
00015390 T _Z4testP12HEADERPACKET
000154d4 T _Z6getCIDB5cxx11v
00013818 T _Z7init_DB7db_user
000132b8 T _Z8get_listRSt6vectorINSt7__cxx1112basic_stringIcSt11char_traitsIcESaIcEEESaIS5_EES5_S5_S5_i
00015928 T _Z8pop_porti
0001535c T _Z9hash_sendP12HEADERPACKET
         U _ZdaPv@GLIBCXX_3.4
         U _ZdlPvj@CXXABI_1.3.9
00017480 W _ZdlPvS_
00012a20 t _ZL18__gthread_active_pv
000163c4 t _ZL19ClientServiceThreadPv
0001756c t _ZL22__gthread_mutex_unlockP15pthread_mutex_t
0001751c t _ZL23__gthread_mutex_trylockP15pthread_mutex_t
00015c68 t _ZL6__recvP7IO_PORTPvi
00015adc t _ZL6__sendP7IO_PORTPvi
000169b0 t _ZL9listenThdPv
00017a88 W _ZN7CIDINFOD1Ev
00017a88 W _ZN7CIDINFOD2Ev
000178ac W _ZN7db_userC1ERKS_
0001787c W _ZN7db_userC1Ev
000178ac W _ZN7db_userC2ERKS_
0001787c W _ZN7db_userC2Ev
0001792c W _ZN7db_userD1Ev
0001792c W _ZN7db_userD2Ev
0001bfe8 W _ZN9__gnu_cxx13new_allocatorINSt7__cxx1112basic_stringIcSt11char_traitsIcESaIcEEEE10deallocateEPS6_j
0001c260 W _ZN9__gnu_cxx13new_allocatorINSt7__cxx1112basic_stringIcSt11char_traitsIcESaIcEEEE7destroyIS6_EEvPT_
0001d2ec W _ZN9__gnu_cxx13new_allocatorINSt7__cxx1112basic_stringIcSt11char_traitsIcESaIcEEEE8allocateEjPKv
0001abd8 W _ZN9__gnu_cxx13new_allocatorINSt7__cxx1112basic_stringIcSt11char_traitsIcESaIcEEEE9constructIS6_JRKS6_EEEvPT_DpOT0_
0001bf98 W _ZN9__gnu_cxx13new_allocatorINSt7__cxx1112basic_stringIcSt11char_traitsIcESaIcEEEE9constructIS6_JS6_EEEvPT_DpOT0_
0001cb08 W _ZN9__gnu_cxx13new_allocatorINSt7__cxx1112basic_stringIcSt11char_traitsIcESaIcEEEEC1ERKS7_
0001aa84 W _ZN9__gnu_cxx13new_allocatorINSt7__cxx1112basic_stringIcSt11char_traitsIcESaIcEEEEC1Ev
0001cb08 W _ZN9__gnu_cxx13new_allocatorINSt7__cxx1112basic_stringIcSt11char_traitsIcESaIcEEEEC2ERKS7_
0001aa84 W _ZN9__gnu_cxx13new_allocatorINSt7__cxx1112basic_stringIcSt11char_traitsIcESaIcEEEEC2Ev
000194c4 W _ZN9__gnu_cxx13new_allocatorINSt7__cxx1112basic_stringIcSt11char_traitsIcESaIcEEEED1Ev
000194c4 W _ZN9__gnu_cxx13new_allocatorINSt7__cxx1112basic_stringIcSt11char_traitsIcESaIcEEEED2Ev
0001e5d8 W _ZN9__gnu_cxx13new_allocatorISt13_Rb_tree_nodeISt4pairIKiiEEE10deallocateEPS5_j
0001e5b4 W _ZN9__gnu_cxx13new_allocatorISt13_Rb_tree_nodeISt4pairIKiiEEE7destroyIS4_EEvPT_
0001e4f4 W _ZN9__gnu_cxx13new_allocatorISt13_Rb_tree_nodeISt4pairIKiiEEE8allocateEjPKv
0001e564 W _ZN9__gnu_cxx13new_allocatorISt13_Rb_tree_nodeISt4pairIKiiEEE9constructIS4_JS4_EEEvPT_DpOT0_
0001da50 W _ZN9__gnu_cxx13new_allocatorISt13_Rb_tree_nodeISt4pairIKNSt7__cxx1112basic_stringIcSt11char_traitsIcESaIcEEESt6vectorIS8_SaIS8_EEEEE10deallocateEPSE_j
0001da28 W _ZN9__gnu_cxx13new_allocatorISt13_Rb_tree_nodeISt4pairIKNSt7__cxx1112basic_stringIcSt11char_traitsIcESaIcEEESt6vectorIS8_SaIS8_EEEEE7destroyISD_EEvPT_
0001dc54 W _ZN9__gnu_cxx13new_allocatorISt13_Rb_tree_nodeISt4pairIKNSt7__cxx1112basic_stringIcSt11char_traitsIcESaIcEEESt6vectorIS8_SaIS8_EEEEE8allocateEjPKv
0001dd50 W _ZN9__gnu_cxx13new_allocatorISt13_Rb_tree_nodeISt4pairIKNSt7__cxx1112basic_stringIcSt11char_traitsIcESaIcEEESt6vectorIS8_SaIS8_EEEEE9constructISD_JRKSt21piecewise_construct_tSt5tupleIJRS9_EESK_IJEEEEEvPT_DpOT0_
0001ab08 W _ZN9__gnu_cxx13new_allocatorISt13_Rb_tree_nodeISt4pairIKNSt7__cxx1112basic_stringIcSt11char_traitsIcESaIcEEESt6vectorIS8_SaIS8_EEEEEC1Ev
0001ab08 W _ZN9__gnu_cxx13new_allocatorISt13_Rb_tree_nodeISt4pairIKNSt7__cxx1112basic_stringIcSt11char_traitsIcESaIcEEESt6vectorIS8_SaIS8_EEEEEC2Ev
000195cc W _ZN9__gnu_cxx13new_allocatorISt13_Rb_tree_nodeISt4pairIKNSt7__cxx1112basic_stringIcSt11char_traitsIcESaIcEEESt6vectorIS8_SaIS8_EEEEED1Ev
000195cc W _ZN9__gnu_cxx13new_allocatorISt13_Rb_tree_nodeISt4pairIKNSt7__cxx1112basic_stringIcSt11char_traitsIcESaIcEEESt6vectorIS8_SaIS8_EEEEED2Ev
0001933c W _ZN9__gnu_cxx14__alloc_traitsISaIcEcE17_S_select_on_copyERKS1_
000187a0 W _ZN9__gnu_cxx14__alloc_traitsISaINSt7__cxx1112basic_stringIcSt11char_traitsIcESaIcEEEES6_E15_S_always_equalEv
0001a220 W _ZN9__gnu_cxx14__alloc_traitsISaINSt7__cxx1112basic_stringIcSt11char_traitsIcESaIcEEEES6_E17_S_select_on_copyERKS7_
00018784 W _ZN9__gnu_cxx14__alloc_traitsISaINSt7__cxx1112basic_stringIcSt11char_traitsIcESaIcEEEES6_E27_S_propagate_on_copy_assignEv
0001bc84 W _ZN9__gnu_cxx16__aligned_membufISt4pairIKiiEE6_M_ptrEv
0001ce9c W _ZN9__gnu_cxx16__aligned_membufISt4pairIKiiEE7_M_addrEv
0001b770 W _ZN9__gnu_cxx16__aligned_membufISt4pairIKNSt7__cxx1112basic_stringIcSt11char_traitsIcESaIcEEESt6vectorIS7_SaIS7_EEEE6_M_ptrEv
0001cae4 W _ZN9__gnu_cxx16__aligned_membufISt4pairIKNSt7__cxx1112basic_stringIcSt11char_traitsIcESaIcEEESt6vectorIS7_SaIS7_EEEE7_M_addrEv
0001b5a4 W _ZN9__gnu_cxx17__normal_iteratorIPKNSt7__cxx1112basic_stringIcSt11char_traitsIcESaIcEEESt6vectorIS6_SaIS6_EEEC1ERKS8_
0001b5a4 W _ZN9__gnu_cxx17__normal_iteratorIPKNSt7__cxx1112basic_stringIcSt11char_traitsIcESaIcEEESt6vectorIS6_SaIS6_EEEC2ERKS8_
0001d7c4 W _ZN9__gnu_cxx17__normal_iteratorIPKNSt7__cxx1112basic_stringIcSt11char_traitsIcESaIcEEESt6vectorIS6_SaIS6_EEEppEv
0001ac38 W _ZN9__gnu_cxx17__normal_iteratorIPNSt7__cxx1112basic_stringIcSt11char_traitsIcESaIcEEESt6vectorIS6_SaIS6_EEEC1ERKS7_
0001ac38 W _ZN9__gnu_cxx17__normal_iteratorIPNSt7__cxx1112basic_stringIcSt11char_traitsIcESaIcEEESt6vectorIS6_SaIS6_EEEC2ERKS7_
0001d680 W _ZN9__gnu_cxx17__normal_iteratorIPNSt7__cxx1112basic_stringIcSt11char_traitsIcESaIcEEESt6vectorIS6_SaIS6_EEEppEv
00017bc8 W _ZN9__gnu_cxx6__stoaIlicJiEEET0_PFT_PKT1_PPS3_DpT2_EPKcS5_PjS9_
0001e93c r _ZN9__gnu_cxxL21__default_lock_policyE
0001f07c r _ZN9__gnu_cxxL21__default_lock_policyE
0001ad58 W _ZN9__gnu_cxxmiIPNSt7__cxx1112basic_stringIcSt11char_traitsIcESaIcEEESt6vectorIS6_SaIS6_EEEENS_17__normal_iteratorIT_T0_E15difference_typeERKSE_SH_
0001d774 W _ZN9__gnu_cxxneIPKNSt7__cxx1112basic_stringIcSt11char_traitsIcESaIcEEESt6vectorIS6_SaIS6_EEEEbRKNS_17__normal_iteratorIT_T0_EESH_
0001d630 W _ZN9__gnu_cxxneIPNSt7__cxx1112basic_stringIcSt11char_traitsIcESaIcEEESt6vectorIS6_SaIS6_EEEEbRKNS_17__normal_iteratorIT_T0_EESG_
         U _Znaj@GLIBCXX_3.4
0001dac4 W _ZNK9__gnu_cxx13new_allocatorINSt7__cxx1112basic_stringIcSt11char_traitsIcESaIcEEEE11_M_max_sizeEv
0001e0e4 W _ZNK9__gnu_cxx13new_allocatorINSt7__cxx1112basic_stringIcSt11char_traitsIcESaIcEEEE8max_sizeEv
0001e670 W _ZNK9__gnu_cxx13new_allocatorISt13_Rb_tree_nodeISt4pairIKiiEEE11_M_max_sizeEv
0001e248 W _ZNK9__gnu_cxx13new_allocatorISt13_Rb_tree_nodeISt4pairIKNSt7__cxx1112basic_stringIcSt11char_traitsIcESaIcEEESt6vectorIS8_SaIS8_EEEEE11_M_max_sizeEv
0001df9c W _ZNK9__gnu_cxx16__aligned_membufISt4pairIKiiEE6_M_ptrEv
0001e2e0 W _ZNK9__gnu_cxx16__aligned_membufISt4pairIKiiEE7_M_addrEv
0001d550 W _ZNK9__gnu_cxx16__aligned_membufISt4pairIKNSt7__cxx1112basic_stringIcSt11char_traitsIcESaIcEEESt6vectorIS7_SaIS7_EEEE6_M_ptrEv
0001de04 W _ZNK9__gnu_cxx16__aligned_membufISt4pairIKNSt7__cxx1112basic_stringIcSt11char_traitsIcESaIcEEESt6vectorIS7_SaIS7_EEEE7_M_addrEv
0001d578 W _ZNK9__gnu_cxx17__normal_iteratorIPKNSt7__cxx1112basic_stringIcSt11char_traitsIcESaIcEEESt6vectorIS6_SaIS6_EEE4baseEv
0001d7fc W _ZNK9__gnu_cxx17__normal_iteratorIPKNSt7__cxx1112basic_stringIcSt11char_traitsIcESaIcEEESt6vectorIS6_SaIS6_EEEdeEv
0001ae58 W _ZNK9__gnu_cxx17__normal_iteratorIPNSt7__cxx1112basic_stringIcSt11char_traitsIcESaIcEEESt6vectorIS6_SaIS6_EEE4baseEv
0001d6b8 W _ZNK9__gnu_cxx17__normal_iteratorIPNSt7__cxx1112basic_stringIcSt11char_traitsIcESaIcEEESt6vectorIS6_SaIS6_EEEdeEv
0001d5d4 W _ZNK9__gnu_cxx17__normal_iteratorIPNSt7__cxx1112basic_stringIcSt11char_traitsIcESaIcEEESt6vectorIS6_SaIS6_EEEplEi
0001d8b0 W _ZNKSt10_Select1stISt4pairIKiiEEclERKS2_
0001ba7c W _ZNKSt10_Select1stISt4pairIKiiEEclERS2_
0001c814 W _ZNKSt10_Select1stISt4pairIKNSt7__cxx1112basic_stringIcSt11char_traitsIcESaIcEEESt6vectorIS6_SaIS6_EEEEclERKSB_
00019dbc W _ZNKSt12_Vector_baseINSt7__cxx1112basic_stringIcSt11char_traitsIcESaIcEEESaIS5_EE19_M_get_Tp_allocatorEv
0001e61c W _ZNKSt13move_iteratorIPNSt7__cxx1112basic_stringIcSt11char_traitsIcESaIcEEEE4baseEv
0001e1d4 W _ZNKSt13move_iteratorIPNSt7__cxx1112basic_stringIcSt11char_traitsIcESaIcEEEEdeEv
0001d880 W _ZNKSt13_Rb_tree_nodeISt4pairIKiiEE9_M_valptrEv
0001c7e4 W _ZNKSt13_Rb_tree_nodeISt4pairIKNSt7__cxx1112basic_stringIcSt11char_traitsIcESaIcEEESt6vectorIS6_SaIS6_EEEE9_M_valptrEv
000176e8 W _ZNKSt17integral_constantIbLb1EEcvbEv
0001928c W _ZNKSt17_Rb_tree_iteratorISt4pairIKiiEEdeEv
00018d30 W _ZNKSt17_Rb_tree_iteratorISt4pairIKNSt7__cxx1112basic_stringIcSt11char_traitsIcESaIcEEESt6vectorIS6_SaIS6_EEEEdeEv
0001c43c W _ZNKSt23_Rb_tree_const_iteratorISt4pairIKNSt7__cxx1112basic_stringIcSt11char_traitsIcESaIcEEESt6vectorIS6_SaIS6_EEEE13_M_const_castEv
00019b94 W _ZNKSt3mapINSt7__cxx1112basic_stringIcSt11char_traitsIcESaIcEEESt6vectorIS5_SaIS5_EESt4lessIS5_ESaISt4pairIKS5_S8_EEE8key_compEv
0001cc78 W _ZNKSt4lessIiEclERKiS2_
00019bc0 W _ZNKSt4lessINSt7__cxx1112basic_stringIcSt11char_traitsIcESaIcEEEEclERKS5_S8_
0001770c W _ZNKSt6chrono8durationIxSt5ratioILx1ELx1000000000EEE5countEv
000180c4 W _ZNKSt6chrono8durationIxSt5ratioILx1ELx1EEE5countEv
0001ac70 W _ZNKSt6vectorINSt7__cxx1112basic_stringIcSt11char_traitsIcESaIcEEESaIS5_EE12_M_check_lenEjPKc
00019ed0 W _ZNKSt6vectorINSt7__cxx1112basic_stringIcSt11char_traitsIcESaIcEEESaIS5_EE3endEv
00018bc4 W _ZNKSt6vectorINSt7__cxx1112basic_stringIcSt11char_traitsIcESaIcEEESaIS5_EE4sizeEv
00019e9c W _ZNKSt6vectorINSt7__cxx1112basic_stringIcSt11char_traitsIcESaIcEEESaIS5_EE5beginEv
00019e38 W _ZNKSt6vectorINSt7__cxx1112basic_stringIcSt11char_traitsIcESaIcEEESaIS5_EE8capacityEv
0001c100 W _ZNKSt6vectorINSt7__cxx1112basic_stringIcSt11char_traitsIcESaIcEEESaIS5_EE8max_sizeEv
         U _ZNKSt7__cxx1112basic_stringIcSt11char_traitsIcESaIcEE13get_allocatorEv@GLIBCXX_3.4.21
         U _ZNKSt7__cxx1112basic_stringIcSt11char_traitsIcESaIcEE4dataEv@GLIBCXX_3.4.21
         U _ZNKSt7__cxx1112basic_stringIcSt11char_traitsIcESaIcEE4sizeEv@GLIBCXX_3.4.21
         U _ZNKSt7__cxx1112basic_stringIcSt11char_traitsIcESaIcEE5c_strEv@GLIBCXX_3.4.21
         U _ZNKSt7__cxx1112basic_stringIcSt11char_traitsIcESaIcEE6lengthEv@GLIBCXX_3.4.21
         U _ZNKSt7__cxx1112basic_stringIcSt11char_traitsIcESaIcEE6substrEjj@GLIBCXX_3.4.21
         U _ZNKSt7__cxx1112basic_stringIcSt11char_traitsIcESaIcEE7compareERKS4_@GLIBCXX_3.4.21
         U _ZNKSt7__cxx1112basic_stringIcSt11char_traitsIcESaIcEE8capacityEv@GLIBCXX_3.4.21
         U _ZNKSt7__cxx1119basic_ostringstreamIcSt11char_traitsIcESaIcEE3strEv@GLIBCXX_3.4.21
0001ce10 W _ZNKSt8_Rb_treeIiSt4pairIKiiESt10_Select1stIS2_ESt4lessIiESaIS2_EE11_Alloc_nodeclIS2_EEPSt13_Rb_tree_nodeIS2_EOT_
0001be28 W _ZNKSt8_Rb_treeIiSt4pairIKiiESt10_Select1stIS2_ESt4lessIiESaIS2_EE4sizeEv
0001c474 W _ZNKSt8_Rb_treeINSt7__cxx1112basic_stringIcSt11char_traitsIcESaIcEEESt4pairIKS5_St6vectorIS5_SaIS5_EEESt10_Select1stISB_ESt4lessIS5_ESaISB_EE4sizeEv
0001af48 W _ZNKSt8_Rb_treeINSt7__cxx1112basic_stringIcSt11char_traitsIcESaIcEEESt4pairIKS5_St6vectorIS5_SaIS5_EEESt10_Select1stISB_ESt4lessIS5_ESaISB_EE8key_compEv
         U _ZNSaIcEC1ERKS_@GLIBCXX_3.4
         U _ZNSaIcEC1Ev@GLIBCXX_3.4
         U _ZNSaIcED1Ev@GLIBCXX_3.4
0001b7c4 W _ZNSaINSt7__cxx1112basic_stringIcSt11char_traitsIcESaIcEEEEC1ERKS5_
00019454 W _ZNSaINSt7__cxx1112basic_stringIcSt11char_traitsIcESaIcEEEEC1Ev
0001b7c4 W _ZNSaINSt7__cxx1112basic_stringIcSt11char_traitsIcESaIcEEEEC2ERKS5_
00019454 W _ZNSaINSt7__cxx1112basic_stringIcSt11char_traitsIcESaIcEEEEC2Ev
00018358 W _ZNSaINSt7__cxx1112basic_stringIcSt11char_traitsIcESaIcEEEED1Ev
00018358 W _ZNSaINSt7__cxx1112basic_stringIcSt11char_traitsIcESaIcEEEED2Ev
00019580 W _ZNSaISt13_Rb_tree_nodeISt4pairIKNSt7__cxx1112basic_stringIcSt11char_traitsIcESaIcEEESt6vectorIS6_SaIS6_EEEEEC1Ev
00019580 W _ZNSaISt13_Rb_tree_nodeISt4pairIKNSt7__cxx1112basic_stringIcSt11char_traitsIcESaIcEEESt6vectorIS6_SaIS6_EEEEEC2Ev
000184a8 W _ZNSaISt13_Rb_tree_nodeISt4pairIKNSt7__cxx1112basic_stringIcSt11char_traitsIcESaIcEEESt6vectorIS6_SaIS6_EEEEED1Ev
000184a8 W _ZNSaISt13_Rb_tree_nodeISt4pairIKNSt7__cxx1112basic_stringIcSt11char_traitsIcESaIcEEESt6vectorIS6_SaIS6_EEEEED2Ev
         U _ZNSolsEPFRSoS_E@GLIBCXX_3.4
         U _ZNSolsEt@GLIBCXX_3.4
0001e444 W _ZNSt10_Head_baseILj0ERKNSt7__cxx1112basic_stringIcSt11char_traitsIcESaIcEEELb0EE7_M_headERS8_
00019bf4 W _ZNSt10_Head_baseILj0ERKNSt7__cxx1112basic_stringIcSt11char_traitsIcESaIcEEELb0EEC1ES7_
00019bf4 W _ZNSt10_Head_baseILj0ERKNSt7__cxx1112basic_stringIcSt11char_traitsIcESaIcEEELb0EEC2ES7_
000174f4 W _ZNSt11char_traitsIcE6lengthEPKc
000174a4 W _ZNSt11char_traitsIcE7compareEPKcS2_j
0001de28 W _ZNSt11__copy_moveILb0ELb0ESt26random_access_iterator_tagE8__copy_mIPKNSt7__cxx1112basic_stringIcSt11char_traitsIcESaIcEEEPS8_EET0_T_SD_SC_
0001ded0 W _ZNSt11__copy_moveILb0ELb0ESt26random_access_iterator_tagE8__copy_mIPNSt7__cxx1112basic_stringIcSt11char_traitsIcESaIcEEES9_EET0_T_SB_SA_
00019084 W _ZNSt11this_thread9sleep_forIxSt5ratioILx1ELx1EEEEvRKNSt6chrono8durationIT_T0_EE
0001e270 W _ZNSt11_Tuple_implILj0EJRKNSt7__cxx1112basic_stringIcSt11char_traitsIcESaIcEEEEE7_M_headERS8_
0001dccc W _ZNSt11_Tuple_implILj0EJRKNSt7__cxx1112basic_stringIcSt11char_traitsIcESaIcEEEEEC1EOS8_
00019c28 W _ZNSt11_Tuple_implILj0EJRKNSt7__cxx1112basic_stringIcSt11char_traitsIcESaIcEEEEEC1ES7_
0001dccc W _ZNSt11_Tuple_implILj0EJRKNSt7__cxx1112basic_stringIcSt11char_traitsIcESaIcEEEEEC2EOS8_
00019c28 W _ZNSt11_Tuple_implILj0EJRKNSt7__cxx1112basic_stringIcSt11char_traitsIcESaIcEEEEEC2ES7_
0001c950 W _ZNSt12_Destroy_auxILb0EE9__destroyIN9__gnu_cxx17__normal_iteratorIPNSt7__cxx1112basic_stringIcSt11char_traitsIcESaIcEEESt6vectorIS9_SaIS9_EEEEEEvT_SF_
0001c02c W _ZNSt12_Destroy_auxILb0EE9__destroyIPNSt7__cxx1112basic_stringIcSt11char_traitsIcESaIcEEEEEvT_S9_
0001adcc W _ZNSt12_Vector_baseINSt7__cxx1112basic_stringIcSt11char_traitsIcESaIcEEESaIS5_EE11_M_allocateEj
0001b7f4 W _ZNSt12_Vector_baseINSt7__cxx1112basic_stringIcSt11char_traitsIcESaIcEEESaIS5_EE12_Vector_implC1ERKS6_
00018324 W _ZNSt12_Vector_baseINSt7__cxx1112basic_stringIcSt11char_traitsIcESaIcEEESaIS5_EE12_Vector_implC1Ev
0001b7f4 W _ZNSt12_Vector_baseINSt7__cxx1112basic_stringIcSt11char_traitsIcESaIcEEESaIS5_EE12_Vector_implC2ERKS6_
00018324 W _ZNSt12_Vector_baseINSt7__cxx1112basic_stringIcSt11char_traitsIcESaIcEEESaIS5_EE12_Vector_implC2Ev
0001795c W _ZNSt12_Vector_baseINSt7__cxx1112basic_stringIcSt11char_traitsIcESaIcEEESaIS5_EE12_Vector_implD1Ev
0001795c W _ZNSt12_Vector_baseINSt7__cxx1112basic_stringIcSt11char_traitsIcESaIcEEESaIS5_EE12_Vector_implD2Ev
000194e8 W _ZNSt12_Vector_baseINSt7__cxx1112basic_stringIcSt11char_traitsIcESaIcEEESaIS5_EE13_M_deallocateEPS5_j
0001b830 W _ZNSt12_Vector_baseINSt7__cxx1112basic_stringIcSt11char_traitsIcESaIcEEESaIS5_EE17_M_create_storageEj
0001947c W _ZNSt12_Vector_baseINSt7__cxx1112basic_stringIcSt11char_traitsIcESaIcEEESaIS5_EE17_Vector_impl_dataC1Ev
0001947c W _ZNSt12_Vector_baseINSt7__cxx1112basic_stringIcSt11char_traitsIcESaIcEEESaIS5_EE17_Vector_impl_dataC2Ev
0001952c W _ZNSt12_Vector_baseINSt7__cxx1112basic_stringIcSt11char_traitsIcESaIcEEESaIS5_EE19_M_get_Tp_allocatorEv
0001a250 W _ZNSt12_Vector_baseINSt7__cxx1112basic_stringIcSt11char_traitsIcESaIcEEESaIS5_EEC1EjRKS6_
00017984 W _ZNSt12_Vector_baseINSt7__cxx1112basic_stringIcSt11char_traitsIcESaIcEEESaIS5_EEC1Ev
0001a250 W _ZNSt12_Vector_baseINSt7__cxx1112basic_stringIcSt11char_traitsIcESaIcEEESaIS5_EEC2EjRKS6_
00017984 W _ZNSt12_Vector_baseINSt7__cxx1112basic_stringIcSt11char_traitsIcESaIcEEESaIS5_EEC2Ev
00018380 W _ZNSt12_Vector_baseINSt7__cxx1112basic_stringIcSt11char_traitsIcESaIcEEESaIS5_EED1Ev
00018380 W _ZNSt12_Vector_baseINSt7__cxx1112basic_stringIcSt11char_traitsIcESaIcEEESaIS5_EED2Ev
0001d3bc W _ZNSt13move_iteratorIPNSt7__cxx1112basic_stringIcSt11char_traitsIcESaIcEEEEC1ES6_
0001d3bc W _ZNSt13move_iteratorIPNSt7__cxx1112basic_stringIcSt11char_traitsIcESaIcEEEEC2ES6_
0001e19c W _ZNSt13move_iteratorIPNSt7__cxx1112basic_stringIcSt11char_traitsIcESaIcEEEEppEv
0001a5e4 W _ZNSt13_Rb_tree_nodeISt4pairIKiiEE9_M_valptrEv
0001a1f0 W _ZNSt13_Rb_tree_nodeISt4pairIKNSt7__cxx1112basic_stringIcSt11char_traitsIcESaIcEEESt6vectorIS6_SaIS6_EEEE9_M_valptrEv
0001782c W _ZNSt15_Rb_tree_header8_M_resetEv
000177f8 W _ZNSt15_Rb_tree_headerC1Ev
000177f8 W _ZNSt15_Rb_tree_headerC2Ev
0001a6a4 W _ZNSt16allocator_traitsISaIcEE37select_on_container_copy_constructionERKS0_
0001aaa8 W _ZNSt16allocator_traitsISaINSt7__cxx1112basic_stringIcSt11char_traitsIcESaIcEEEEE10deallocateERS6_PS5_j
0001b798 W _ZNSt16allocator_traitsISaINSt7__cxx1112basic_stringIcSt11char_traitsIcESaIcEEEEE37select_on_container_copy_constructionERKS6_
0001aed0 W _ZNSt16allocator_traitsISaINSt7__cxx1112basic_stringIcSt11char_traitsIcESaIcEEEEE7destroyIS5_EEvRS6_PT_
0001c180 W _ZNSt16allocator_traitsISaINSt7__cxx1112basic_stringIcSt11char_traitsIcESaIcEEEEE8allocateERS6_j
0001da9c W _ZNSt16allocator_traitsISaINSt7__cxx1112basic_stringIcSt11char_traitsIcESaIcEEEEE8max_sizeERKS6_
0001970c W _ZNSt16allocator_traitsISaINSt7__cxx1112basic_stringIcSt11char_traitsIcESaIcEEEEE9constructIS5_JRKS5_EEEvRS6_PT_DpOT0_
0001a6f4 W _ZNSt16allocator_traitsISaINSt7__cxx1112basic_stringIcSt11char_traitsIcESaIcEEEEE9constructIS5_JS5_EEEvRS6_PT_DpOT0_
0001e3c8 W _ZNSt16allocator_traitsISaISt13_Rb_tree_nodeISt4pairIKiiEEEE10deallocateERS5_PS4_j
0001e39c W _ZNSt16allocator_traitsISaISt13_Rb_tree_nodeISt4pairIKiiEEEE7destroyIS3_EEvRS5_PT_
0001e328 W _ZNSt16allocator_traitsISaISt13_Rb_tree_nodeISt4pairIKiiEEEE8allocateERS5_j
0001e35c W _ZNSt16allocator_traitsISaISt13_Rb_tree_nodeISt4pairIKiiEEEE9constructIS3_JS3_EEEvRS5_PT_DpOT0_
0001d264 W _ZNSt16allocator_traitsISaISt13_Rb_tree_nodeISt4pairIKNSt7__cxx1112basic_stringIcSt11char_traitsIcESaIcEEESt6vectorIS7_SaIS7_EEEEEE10deallocateERSE_PSD_j
0001d238 W _ZNSt16allocator_traitsISaISt13_Rb_tree_nodeISt4pairIKNSt7__cxx1112basic_stringIcSt11char_traitsIcESaIcEEESt6vectorIS7_SaIS7_EEEEEE7destroyISC_EEvRSE_PT_
0001d43c W _ZNSt16allocator_traitsISaISt13_Rb_tree_nodeISt4pairIKNSt7__cxx1112basic_stringIcSt11char_traitsIcESaIcEEESt6vectorIS7_SaIS7_EEEEEE8allocateERSE_j
0001d470 W _ZNSt16allocator_traitsISaISt13_Rb_tree_nodeISt4pairIKNSt7__cxx1112basic_stringIcSt11char_traitsIcESaIcEEESt6vectorIS7_SaIS7_EEEEEE9constructISC_JRKSt21piecewise_construct_tSt5tupleIJRS8_EESK_IJEEEEEvRSE_PT_DpOT0_
0001bc50 W _ZNSt17_Rb_tree_iteratorISt4pairIKiiEEC1EPSt18_Rb_tree_node_base
00019184 W _ZNSt17_Rb_tree_iteratorISt4pairIKiiEEC1Ev
0001bc50 W _ZNSt17_Rb_tree_iteratorISt4pairIKiiEEC2EPSt18_Rb_tree_node_base
00019184 W _ZNSt17_Rb_tree_iteratorISt4pairIKiiEEC2Ev
0001cdac W _ZNSt17_Rb_tree_iteratorISt4pairIKiiEEmmEv
00019250 W _ZNSt17_Rb_tree_iteratorISt4pairIKiiEEppEv
0001b548 W _ZNSt17_Rb_tree_iteratorISt4pairIKNSt7__cxx1112basic_stringIcSt11char_traitsIcESaIcEEESt6vectorIS6_SaIS6_EEEEC1EPSt18_Rb_tree_node_base
00018c28 W _ZNSt17_Rb_tree_iteratorISt4pairIKNSt7__cxx1112basic_stringIcSt11char_traitsIcESaIcEEESt6vectorIS6_SaIS6_EEEEC1Ev
0001b548 W _ZNSt17_Rb_tree_iteratorISt4pairIKNSt7__cxx1112basic_stringIcSt11char_traitsIcESaIcEEESt6vectorIS6_SaIS6_EEEEC2EPSt18_Rb_tree_node_base
00018c28 W _ZNSt17_Rb_tree_iteratorISt4pairIKNSt7__cxx1112basic_stringIcSt11char_traitsIcESaIcEEESt6vectorIS6_SaIS6_EEEEC2Ev
0001c758 W _ZNSt17_Rb_tree_iteratorISt4pairIKNSt7__cxx1112basic_stringIcSt11char_traitsIcESaIcEEESt6vectorIS6_SaIS6_EEEEmmEv
00018cf4 W _ZNSt17_Rb_tree_iteratorISt4pairIKNSt7__cxx1112basic_stringIcSt11char_traitsIcESaIcEEESt6vectorIS6_SaIS6_EEEEppEv
000195a8 W _ZNSt20_Rb_tree_key_compareISt4lessINSt7__cxx1112basic_stringIcSt11char_traitsIcESaIcEEEEEC1Ev
000195a8 W _ZNSt20_Rb_tree_key_compareISt4lessINSt7__cxx1112basic_stringIcSt11char_traitsIcESaIcEEEEEC2Ev
0001cb30 W _ZNSt20__uninitialized_copyILb0EE13__uninit_copyIN9__gnu_cxx17__normal_iteratorIPKNSt7__cxx1112basic_stringIcSt11char_traitsIcESaIcEEESt6vectorIS9_SaIS9_EEEEPS9_EET0_T_SI_SH_
0001ca48 W _ZNSt20__uninitialized_copyILb0EE13__uninit_copyIPNSt7__cxx1112basic_stringIcSt11char_traitsIcESaIcEEES8_EET0_T_SA_S9_
0001db98 W _ZNSt20__uninitialized_copyILb0EE13__uninit_copyISt13move_iteratorIPNSt7__cxx1112basic_stringIcSt11char_traitsIcESaIcEEEES9_EET0_T_SC_SB_
0001be50 W _ZNSt23_Rb_tree_const_iteratorISt4pairIKiiEEC1ERKSt17_Rb_tree_iteratorIS2_E
0001be50 W _ZNSt23_Rb_tree_const_iteratorISt4pairIKiiEEC2ERKSt17_Rb_tree_iteratorIS2_E
0001d124 W _ZNSt23_Rb_tree_const_iteratorISt4pairIKiiEEppEi
00019c90 W _ZNSt23_Rb_tree_const_iteratorISt4pairIKNSt7__cxx1112basic_stringIcSt11char_traitsIcESaIcEEESt6vectorIS6_SaIS6_EEEEC1ERKSt17_Rb_tree_iteratorISB_E
00019c90 W _ZNSt23_Rb_tree_const_iteratorISt4pairIKNSt7__cxx1112basic_stringIcSt11char_traitsIcESaIcEEESt6vectorIS6_SaIS6_EEEEC2ERKSt17_Rb_tree_iteratorISB_E
000191e0 W _ZNSt3mapIiiSt4lessIiESaISt4pairIKiiEEE3endEv
000191b4 W _ZNSt3mapIiiSt4lessIiESaISt4pairIKiiEEE5beginEv
000192bc W _ZNSt3mapIiiSt4lessIiESaISt4pairIKiiEEE5eraseERS3_
00018e9c W _ZNSt3mapIiiSt4lessIiESaISt4pairIKiiEEE6insertEOS4_
00019b1c W _ZNSt3mapINSt7__cxx1112basic_stringIcSt11char_traitsIcESaIcEEESt6vectorIS5_SaIS5_EESt4lessIS5_ESaISt4pairIKS5_S8_EEE11lower_boundERSC_
00018c84 W _ZNSt3mapINSt7__cxx1112basic_stringIcSt11char_traitsIcESaIcEEESt6vectorIS5_SaIS5_EESt4lessIS5_ESaISt4pairIKS5_S8_EEE3endEv
00018c58 W _ZNSt3mapINSt7__cxx1112basic_stringIcSt11char_traitsIcESaIcEEESt6vectorIS5_SaIS5_EESt4lessIS5_ESaISt4pairIKS5_S8_EEE5beginEv
00017a30 W _ZNSt3mapINSt7__cxx1112basic_stringIcSt11char_traitsIcESaIcEEESt6vectorIS5_SaIS5_EESt4lessIS5_ESaISt4pairIKS5_S8_EEEC1Ev
00017a30 W _ZNSt3mapINSt7__cxx1112basic_stringIcSt11char_traitsIcESaIcEEESt6vectorIS5_SaIS5_EESt4lessIS5_ESaISt4pairIKS5_S8_EEEC2Ev
00017a5c W _ZNSt3mapINSt7__cxx1112basic_stringIcSt11char_traitsIcESaIcEEESt6vectorIS5_SaIS5_EESt4lessIS5_ESaISt4pairIKS5_S8_EEED1Ev
00017a5c W _ZNSt3mapINSt7__cxx1112basic_stringIcSt11char_traitsIcESaIcEEESt6vectorIS5_SaIS5_EESt4lessIS5_ESaISt4pairIKS5_S8_EEED2Ev
0001866c W _ZNSt3mapINSt7__cxx1112basic_stringIcSt11char_traitsIcESaIcEEESt6vectorIS5_SaIS5_EESt4lessIS5_ESaISt4pairIKS5_S8_EEEixERSC_
00018e44 W _ZNSt4pairIKiiEC1IRiS3_Lb1EEEOT_OT0_
00018e44 W _ZNSt4pairIKiiEC2IRiS3_Lb1EEEOT_OT0_
0001e29c W _ZNSt4pairIKNSt7__cxx1112basic_stringIcSt11char_traitsIcESaIcEEESt6vectorIS5_SaIS5_EEEC1IJRS6_EJEEESt21piecewise_construct_tSt5tupleIJDpT_EESE_IJDpT0_EE
0001e46c W _ZNSt4pairIKNSt7__cxx1112basic_stringIcSt11char_traitsIcESaIcEEESt6vectorIS5_SaIS5_EEEC1IJRS6_EJLj0EEJEJEEERSt5tupleIJDpT_EERSD_IJDpT1_EESt12_Index_tupleIJXspT0_EEESM_IJXspT2_EEE
0001e29c W _ZNSt4pairIKNSt7__cxx1112basic_stringIcSt11char_traitsIcESaIcEEESt6vectorIS5_SaIS5_EEEC2IJRS6_EJEEESt21piecewise_construct_tSt5tupleIJDpT_EESE_IJDpT0_EE
0001e46c W _ZNSt4pairIKNSt7__cxx1112basic_stringIcSt11char_traitsIcESaIcEEESt6vectorIS5_SaIS5_EEEC2IJRS6_EJLj0EEJEJEEERSt5tupleIJDpT_EERSD_IJDpT1_EESt12_Index_tupleIJXspT0_EEESM_IJXspT2_EEE
0001d9ec W _ZNSt4pairIKNSt7__cxx1112basic_stringIcSt11char_traitsIcESaIcEEESt6vectorIS5_SaIS5_EEED1Ev
0001d9ec W _ZNSt4pairIKNSt7__cxx1112basic_stringIcSt11char_traitsIcESaIcEEESt6vectorIS5_SaIS5_EEED2Ev
0001cd54 W _ZNSt4pairIPSt18_Rb_tree_node_baseS1_EC1IRPSt13_Rb_tree_nodeIS_IKiiEERS1_Lb1EEEOT_OT0_
0001d4f8 W _ZNSt4pairIPSt18_Rb_tree_node_baseS1_EC1IRPSt13_Rb_tree_nodeIS_IKNSt7__cxx1112basic_stringIcSt11char_traitsIcESaIcEEESt6vectorISA_SaISA_EEEERS1_Lb1EEEOT_OT0_
0001c794 W _ZNSt4pairIPSt18_Rb_tree_node_baseS1_EC1IRS1_Lb1EEEOT_RKS1_
0001c4ec W _ZNSt4pairIPSt18_Rb_tree_node_baseS1_EC1IRS1_Lb1EEERKS1_OT_
0001c700 W _ZNSt4pairIPSt18_Rb_tree_node_baseS1_EC1IRS1_S4_Lb1EEEOT_OT0_
0001cd54 W _ZNSt4pairIPSt18_Rb_tree_node_baseS1_EC2IRPSt13_Rb_tree_nodeIS_IKiiEERS1_Lb1EEEOT_OT0_
0001d4f8 W _ZNSt4pairIPSt18_Rb_tree_node_baseS1_EC2IRPSt13_Rb_tree_nodeIS_IKNSt7__cxx1112basic_stringIcSt11char_traitsIcESaIcEEESt6vectorISA_SaISA_EEEERS1_Lb1EEEOT_OT0_
0001c794 W _ZNSt4pairIPSt18_Rb_tree_node_baseS1_EC2IRS1_Lb1EEEOT_RKS1_
0001c4ec W _ZNSt4pairIPSt18_Rb_tree_node_baseS1_EC2IRS1_Lb1EEERKS1_OT_
0001c700 W _ZNSt4pairIPSt18_Rb_tree_node_baseS1_EC2IRS1_S4_Lb1EEEOT_OT0_
0001bbf8 W _ZNSt4pairISt17_Rb_tree_iteratorIS_IKiiEEbEC1IS3_bLb1EEEOT_OT0_
0001bbf8 W _ZNSt4pairISt17_Rb_tree_iteratorIS_IKiiEEbEC2IS3_bLb1EEEOT_OT0_
0001d000 W _ZNSt4pairISt17_Rb_tree_iteratorIS_IKiiEES3_EC1IS3_S3_Lb1EEEOT_OT0_
0001d000 W _ZNSt4pairISt17_Rb_tree_iteratorIS_IKiiEES3_EC2IS3_S3_Lb1EEEOT_OT0_
000177d0 W _ZNSt5mutex6unlockEv
00017794 W _ZNSt5mutex8try_lockEv
0001dd18 W _ZNSt5tupleIJRKNSt7__cxx1112basic_stringIcSt11char_traitsIcESaIcEEEEEC1EOS8_
00019c5c W _ZNSt5tupleIJRKNSt7__cxx1112basic_stringIcSt11char_traitsIcESaIcEEEEEC1ILb1ELb1EEES7_
0001dd18 W _ZNSt5tupleIJRKNSt7__cxx1112basic_stringIcSt11char_traitsIcESaIcEEEEEC2EOS8_
00019c5c W _ZNSt5tupleIJRKNSt7__cxx1112basic_stringIcSt11char_traitsIcESaIcEEEEEC2ILb1ELb1EEES7_
00018fd0 W _ZNSt6chrono13duration_castINS_8durationIxSt5ratioILx1ELx1000000000EEEExS2_ILx1ELx1EEEENSt9enable_ifIXsrNS_13__is_durationIT_EE5valueES8_E4typeERKNS1_IT0_T1_EE
00018f9c W _ZNSt6chrono13duration_castINS_8durationIxSt5ratioILx1ELx1EEEExS3_EENSt9enable_ifIXsrNS_13__is_durationIT_EE5valueES7_E4typeERKNS1_IT0_T1_EE
00017770 W _ZNSt6chrono15duration_valuesIxE4zeroEv
0001a508 W _ZNSt6chrono20__duration_cast_implINS_8durationIxSt5ratioILx1ELx1000000000EEEES2_ILx1000000000ELx1EExLb0ELb1EE6__castIxS2_ILx1ELx1EEEES4_RKNS1_IT_T0_EE
0001a4c4 W _ZNSt6chrono20__duration_cast_implINS_8durationIxSt5ratioILx1ELx1EEEES3_xLb1ELb1EE6__castIxS3_EES4_RKNS1_IT_T0_EE
00017738 W _ZNSt6chrono8durationIxSt5ratioILx1ELx1000000000EEEC1IxvEERKT_
00018f60 W _ZNSt6chrono8durationIxSt5ratioILx1ELx1EEE4zeroEv
00018ee4 W _ZNSt6chrono8durationIxSt5ratioILx1ELx1EEEC1IivEERKT_
0001a48c W _ZNSt6chrono8durationIxSt5ratioILx1ELx1EEEC1IxvEERKT_
00018ee4 W _ZNSt6chrono8durationIxSt5ratioILx1ELx1EEEC2IivEERKT_
0001a48c W _ZNSt6chrono8durationIxSt5ratioILx1ELx1EEEC2IxvEERKT_
00018f28 W _ZNSt6chronoleIxSt5ratioILx1ELx1EExS2_EEbRKNS_8durationIT_T0_EERKNS3_IT1_T2_EE
0001a418 W _ZNSt6chronoltIxSt5ratioILx1ELx1EExS2_EEbRKNS_8durationIT_T0_EERKNS3_IT1_T2_EE
00019004 W _ZNSt6chronomiIxSt5ratioILx1ELx1EExS2_EENSt11common_typeIJNS_8durationIT_T0_EENS4_IT1_T2_EEEE4typeERKS7_RKSA_
0001d298 W _ZNSt6vectorINSt7__cxx1112basic_stringIcSt11char_traitsIcESaIcEEESaIS5_EE11_S_max_sizeERKS6_
0001ae14 W _ZNSt6vectorINSt7__cxx1112basic_stringIcSt11char_traitsIcESaIcEEESaIS5_EE11_S_relocateEPS5_S8_S8_RS6_
0001936c W _ZNSt6vectorINSt7__cxx1112basic_stringIcSt11char_traitsIcESaIcEEESaIS5_EE12emplace_backIJS5_EEEvDpOT_
0001c1b4 W _ZNSt6vectorINSt7__cxx1112basic_stringIcSt11char_traitsIcESaIcEEESaIS5_EE14_S_do_relocateEPS5_S8_S8_RS6_St17integral_constantIbLb1EE
0001a0dc W _ZNSt6vectorINSt7__cxx1112basic_stringIcSt11char_traitsIcESaIcEEESaIS5_EE15_M_erase_at_endEPS5_
00019784 W _ZNSt6vectorINSt7__cxx1112basic_stringIcSt11char_traitsIcESaIcEEESaIS5_EE15_S_use_relocateEv
000197cc W _ZNSt6vectorINSt7__cxx1112basic_stringIcSt11char_traitsIcESaIcEEESaIS5_EE17_M_realloc_insertIJRKS5_EEEvN9__gnu_cxx17__normal_iteratorIPS5_S7_EEDpOT_
0001a734 W _ZNSt6vectorINSt7__cxx1112basic_stringIcSt11char_traitsIcESaIcEEESaIS5_EE17_M_realloc_insertIJS5_EEEvN9__gnu_cxx17__normal_iteratorIPS5_S7_EEDpOT_
000197a8 W _ZNSt6vectorINSt7__cxx1112basic_stringIcSt11char_traitsIcESaIcEEESaIS5_EE19_S_nothrow_relocateESt17integral_constantIbLb1EE
00019f08 W _ZNSt6vectorINSt7__cxx1112basic_stringIcSt11char_traitsIcESaIcEEESaIS5_EE20_M_allocate_and_copyIN9__gnu_cxx17__normal_iteratorIPKS5_S7_EEEEPS5_jT_SF_
0001974c W _ZNSt6vectorINSt7__cxx1112basic_stringIcSt11char_traitsIcESaIcEEESaIS5_EE3endEv
00019f9c W _ZNSt6vectorINSt7__cxx1112basic_stringIcSt11char_traitsIcESaIcEEESaIS5_EE5beginEv
00018b94 W _ZNSt6vectorINSt7__cxx1112basic_stringIcSt11char_traitsIcESaIcEEESaIS5_EE5clearEv
00018260 W _ZNSt6vectorINSt7__cxx1112basic_stringIcSt11char_traitsIcESaIcEEESaIS5_EE9push_backEOS5_
0001854c W _ZNSt6vectorINSt7__cxx1112basic_stringIcSt11char_traitsIcESaIcEEESaIS5_EE9push_backERKS5_
000187bc W _ZNSt6vectorINSt7__cxx1112basic_stringIcSt11char_traitsIcESaIcEEESaIS5_EEaSERKS7_
00018d60 W _ZNSt6vectorINSt7__cxx1112basic_stringIcSt11char_traitsIcESaIcEEESaIS5_EEC1ERKS7_
000179b0 W _ZNSt6vectorINSt7__cxx1112basic_stringIcSt11char_traitsIcESaIcEEESaIS5_EEC1Ev
00018d60 W _ZNSt6vectorINSt7__cxx1112basic_stringIcSt11char_traitsIcESaIcEEESaIS5_EEC2ERKS7_
000179b0 W _ZNSt6vectorINSt7__cxx1112basic_stringIcSt11char_traitsIcESaIcEEESaIS5_EEC2Ev
00018408 W _ZNSt6vectorINSt7__cxx1112basic_stringIcSt11char_traitsIcESaIcEEESaIS5_EED1Ev
00018408 W _ZNSt6vectorINSt7__cxx1112basic_stringIcSt11char_traitsIcESaIcEEESaIS5_EED2Ev
00018628 W _ZNSt6vectorINSt7__cxx1112basic_stringIcSt11char_traitsIcESaIcEEESaIS5_EEixEj
         U _ZNSt7__cxx1112basic_stringIcSt11char_traitsIcESaIcEE4swapERS4_@GLIBCXX_3.4.21
         U _ZNSt7__cxx1112basic_stringIcSt11char_traitsIcESaIcEE6appendEjc@GLIBCXX_3.4.21
         U _ZNSt7__cxx1112basic_stringIcSt11char_traitsIcESaIcEE6appendEPKc@GLIBCXX_3.4.21
         U _ZNSt7__cxx1112basic_stringIcSt11char_traitsIcESaIcEE6appendEPKcj@GLIBCXX_3.4.21
         U _ZNSt7__cxx1112basic_stringIcSt11char_traitsIcESaIcEE6appendERKS4_@GLIBCXX_3.4.21
         U _ZNSt7__cxx1112basic_stringIcSt11char_traitsIcESaIcEE6insertEjRKS4_@GLIBCXX_3.4.21
         U _ZNSt7__cxx1112basic_stringIcSt11char_traitsIcESaIcEE7reserveEj@GLIBCXX_3.4.21
         U _ZNSt7__cxx1112basic_stringIcSt11char_traitsIcESaIcEEaSEOS4_@GLIBCXX_3.4.21
         U _ZNSt7__cxx1112basic_stringIcSt11char_traitsIcESaIcEEaSEPKc@GLIBCXX_3.4.21
         U _ZNSt7__cxx1112basic_stringIcSt11char_traitsIcESaIcEEaSERKS4_@GLIBCXX_3.4.21
         U _ZNSt7__cxx1112basic_stringIcSt11char_traitsIcESaIcEEC1EjcRKS3_@GLIBCXX_3.4.21
         U _ZNSt7__cxx1112basic_stringIcSt11char_traitsIcESaIcEEC1EOS4_@GLIBCXX_3.4.21
         U _ZNSt7__cxx1112basic_stringIcSt11char_traitsIcESaIcEEC1EPKcRKS3_@GLIBCXX_3.4.21
         U _ZNSt7__cxx1112basic_stringIcSt11char_traitsIcESaIcEEC1ERKS3_@GLIBCXX_3.4.21
         U _ZNSt7__cxx1112basic_stringIcSt11char_traitsIcESaIcEEC1ERKS4_@GLIBCXX_3.4.21
         U _ZNSt7__cxx1112basic_stringIcSt11char_traitsIcESaIcEEC1Ev@GLIBCXX_3.4.21
         U _ZNSt7__cxx1112basic_stringIcSt11char_traitsIcESaIcEED1Ev@GLIBCXX_3.4.21
         U _ZNSt7__cxx1112basic_stringIcSt11char_traitsIcESaIcEEixEj@GLIBCXX_3.4.21
         U _ZNSt7__cxx1119basic_ostringstreamIcSt11char_traitsIcESaIcEEC1Ev@GLIBCXX_3.4.26
         U _ZNSt7__cxx1119basic_ostringstreamIcSt11char_traitsIcESaIcEED1Ev@GLIBCXX_3.4.21
000175bc W _ZNSt7__cxx114stoiERKNS_12basic_stringIcSt11char_traitsIcESaIcEEEPji
00017610 W _ZNSt7__cxx119to_stringEi
00017ccc W _ZNSt8__detail14__to_chars_lenIjEEjT_i
00017db0 W _ZNSt8__detail18__to_chars_10_implIjEEvPcjT_
         U _ZNSt8ios_base4InitC1Ev@GLIBCXX_3.4
         U _ZNSt8ios_base4InitD1Ev@GLIBCXX_3.4
0001bafc W _ZNSt8_Rb_treeIiSt4pairIKiiESt10_Select1stIS2_ESt4lessIiESaIS2_EE10_M_insert_IS2_NS8_11_Alloc_nodeEEESt17_Rb_tree_iteratorIS2_EPSt18_Rb_tree_node_baseSE_OT_RT0_
0001baa4 W _ZNSt8_Rb_treeIiSt4pairIKiiESt10_Select1stIS2_ESt4lessIiESaIS2_EE11_Alloc_nodeC1ERS8_
0001baa4 W _ZNSt8_Rb_treeIiSt4pairIKiiESt10_Select1stIS2_ESt4lessIiESaIS2_EE11_Alloc_nodeC2ERS8_
0001bcac W _ZNSt8_Rb_treeIiSt4pairIKiiESt10_Select1stIS2_ESt4lessIiESaIS2_EE11equal_rangeERS1_
0001dfc4 W _ZNSt8_Rb_treeIiSt4pairIKiiESt10_Select1stIS2_ESt4lessIiESaIS2_EE11_M_get_nodeEv
0001e0a8 W _ZNSt8_Rb_treeIiSt4pairIKiiESt10_Select1stIS2_ESt4lessIiESaIS2_EE11_M_put_nodeEPSt13_Rb_tree_nodeIS2_E
0001d9b4 W _ZNSt8_Rb_treeIiSt4pairIKiiESt10_Select1stIS2_ESt4lessIiESaIS2_EE12_M_drop_nodeEPSt13_Rb_tree_nodeIS2_E
0001d170 W _ZNSt8_Rb_treeIiSt4pairIKiiESt10_Select1stIS2_ESt4lessIiESaIS2_EE12_M_erase_auxESt23_Rb_tree_const_iteratorIS2_E
0001be88 W _ZNSt8_Rb_treeIiSt4pairIKiiESt10_Select1stIS2_ESt4lessIiESaIS2_EE12_M_erase_auxESt23_Rb_tree_const_iteratorIS2_ESA_
0001d8fc W _ZNSt8_Rb_treeIiSt4pairIKiiESt10_Select1stIS2_ESt4lessIiESaIS2_EE14_M_create_nodeIJS2_EEEPSt13_Rb_tree_nodeIS2_EDpOT_
0001cec0 W _ZNSt8_Rb_treeIiSt4pairIKiiESt10_Select1stIS2_ESt4lessIiESaIS2_EE14_M_lower_boundEPSt13_Rb_tree_nodeIS2_EPSt18_Rb_tree_node_baseRS1_
0001cf64 W _ZNSt8_Rb_treeIiSt4pairIKiiESt10_Select1stIS2_ESt4lessIiESaIS2_EE14_M_upper_boundEPSt13_Rb_tree_nodeIS2_EPSt18_Rb_tree_node_baseRS1_
0001e064 W _ZNSt8_Rb_treeIiSt4pairIKiiESt10_Select1stIS2_ESt4lessIiESaIS2_EE15_M_destroy_nodeEPSt13_Rb_tree_nodeIS2_E
0001a32c W _ZNSt8_Rb_treeIiSt4pairIKiiESt10_Select1stIS2_ESt4lessIiESaIS2_EE16_M_insert_uniqueIS2_EES0_ISt17_Rb_tree_iteratorIS2_EbEOT_
0001dffc W _ZNSt8_Rb_treeIiSt4pairIKiiESt10_Select1stIS2_ESt4lessIiESaIS2_EE17_M_construct_nodeIJS2_EEEvPSt13_Rb_tree_nodeIS2_EDpOT_
0001e304 W _ZNSt8_Rb_treeIiSt4pairIKiiESt10_Select1stIS2_ESt4lessIiESaIS2_EE21_M_get_Node_allocatorEv
0001b8e0 W _ZNSt8_Rb_treeIiSt4pairIKiiESt10_Select1stIS2_ESt4lessIiESaIS2_EE24_M_get_insert_unique_posERS1_
0001a5ac W _ZNSt8_Rb_treeIiSt4pairIKiiESt10_Select1stIS2_ESt4lessIiESaIS2_EE3endEv
0001a574 W _ZNSt8_Rb_treeIiSt4pairIKiiESt10_Select1stIS2_ESt4lessIiESaIS2_EE5beginEv
0001d09c W _ZNSt8_Rb_treeIiSt4pairIKiiESt10_Select1stIS2_ESt4lessIiESaIS2_EE5clearEv
0001a614 W _ZNSt8_Rb_treeIiSt4pairIKiiESt10_Select1stIS2_ESt4lessIiESaIS2_EE5eraseERS1_
0001cc14 W _ZNSt8_Rb_treeIiSt4pairIKiiESt10_Select1stIS2_ESt4lessIiESaIS2_EE6_M_endEv
0001cc3c W _ZNSt8_Rb_treeIiSt4pairIKiiESt10_Select1stIS2_ESt4lessIiESaIS2_EE6_S_keyEPKSt13_Rb_tree_nodeIS2_E
0001cde8 W _ZNSt8_Rb_treeIiSt4pairIKiiESt10_Select1stIS2_ESt4lessIiESaIS2_EE6_S_keyEPKSt18_Rb_tree_node_base
0001ccc0 W _ZNSt8_Rb_treeIiSt4pairIKiiESt10_Select1stIS2_ESt4lessIiESaIS2_EE7_S_leftEPSt18_Rb_tree_node_base
0001cbec W _ZNSt8_Rb_treeIiSt4pairIKiiESt10_Select1stIS2_ESt4lessIiESaIS2_EE8_M_beginEv
0001d94c W _ZNSt8_Rb_treeIiSt4pairIKiiESt10_Select1stIS2_ESt4lessIiESaIS2_EE8_M_eraseEPSt13_Rb_tree_nodeIS2_E
0001cce8 W _ZNSt8_Rb_treeIiSt4pairIKiiESt10_Select1stIS2_ESt4lessIiESaIS2_EE8_S_rightEPSt18_Rb_tree_node_base
0001aefc W _ZNSt8_Rb_treeINSt7__cxx1112basic_stringIcSt11char_traitsIcESaIcEEESt4pairIKS5_St6vectorIS5_SaIS5_EEESt10_Select1stISB_ESt4lessIS5_ESaISB_EE11lower_boundERS7_
0001c354 W _ZNSt8_Rb_treeINSt7__cxx1112basic_stringIcSt11char_traitsIcESaIcEEESt4pairIKS5_St6vectorIS5_SaIS5_EEESt10_Select1stISB_ESt4lessIS5_ESaISB_EE11_M_get_nodeEv
0001c6d8 W _ZNSt8_Rb_treeINSt7__cxx1112basic_stringIcSt11char_traitsIcESaIcEEESt4pairIKS5_St6vectorIS5_SaIS5_EEESt10_Select1stISB_ESt4lessIS5_ESaISB_EE11_M_leftmostEv
0001c0c4 W _ZNSt8_Rb_treeINSt7__cxx1112basic_stringIcSt11char_traitsIcESaIcEEESt4pairIKS5_St6vectorIS5_SaIS5_EEESt10_Select1stISB_ESt4lessIS5_ESaISB_EE11_M_put_nodeEPSt13_Rb_tree_nodeISB_E
0001ab7c W _ZNSt8_Rb_treeINSt7__cxx1112basic_stringIcSt11char_traitsIcESaIcEEESt4pairIKS5_St6vectorIS5_SaIS5_EEESt10_Select1stISB_ESt4lessIS5_ESaISB_EE12_M_drop_nodeEPSt13_Rb_tree_nodeISB_E
0001c49c W _ZNSt8_Rb_treeINSt7__cxx1112basic_stringIcSt11char_traitsIcESaIcEEESt4pairIKS5_St6vectorIS5_SaIS5_EEESt10_Select1stISB_ESt4lessIS5_ESaISB_EE12_M_rightmostEv
00018464 W _ZNSt8_Rb_treeINSt7__cxx1112basic_stringIcSt11char_traitsIcESaIcEEESt4pairIKS5_St6vectorIS5_SaIS5_EEESt10_Select1stISB_ESt4lessIS5_ESaISB_EE13_Rb_tree_implISF_Lb1EEC1Ev
00018464 W _ZNSt8_Rb_treeINSt7__cxx1112basic_stringIcSt11char_traitsIcESaIcEEESt4pairIKS5_St6vectorIS5_SaIS5_EEESt10_Select1stISB_ESt4lessIS5_ESaISB_EE13_Rb_tree_implISF_Lb1EEC2Ev
000179dc W _ZNSt8_Rb_treeINSt7__cxx1112basic_stringIcSt11char_traitsIcESaIcEEESt4pairIKS5_St6vectorIS5_SaIS5_EEESt10_Select1stISB_ESt4lessIS5_ESaISB_EE13_Rb_tree_implISF_Lb1EED1Ev
000179dc W _ZNSt8_Rb_treeINSt7__cxx1112basic_stringIcSt11char_traitsIcESaIcEEESt4pairIKS5_St6vectorIS5_SaIS5_EEESt10_Select1stISB_ESt4lessIS5_ESaISB_EE13_Rb_tree_implISF_Lb1EED2Ev
0001b010 W _ZNSt8_Rb_treeINSt7__cxx1112basic_stringIcSt11char_traitsIcESaIcEEESt4pairIKS5_St6vectorIS5_SaIS5_EEESt10_Select1stISB_ESt4lessIS5_ESaISB_EE14_M_create_nodeIJRKSt21piecewise_construct_tSt5tupleIJRS7_EESM_IJEEEEEPSt13_Rb_tree_nodeISB_EDpOT_
0001b474 W _ZNSt8_Rb_treeINSt7__cxx1112basic_stringIcSt11char_traitsIcESaIcEEESt4pairIKS5_St6vectorIS5_SaIS5_EEESt10_Select1stISB_ESt4lessIS5_ESaISB_EE14_M_insert_nodeEPSt18_Rb_tree_node_baseSJ_PSt13_Rb_tree_nodeISB_E
0001c2b0 W _ZNSt8_Rb_treeINSt7__cxx1112basic_stringIcSt11char_traitsIcESaIcEEESt4pairIKS5_St6vectorIS5_SaIS5_EEESt10_Select1stISB_ESt4lessIS5_ESaISB_EE14_M_lower_boundEPSt13_Rb_tree_nodeISB_EPSt18_Rb_tree_node_baseRS7_
0001c080 W _ZNSt8_Rb_treeINSt7__cxx1112basic_stringIcSt11char_traitsIcESaIcEEESt4pairIKS5_St6vectorIS5_SaIS5_EEESt10_Select1stISB_ESt4lessIS5_ESaISB_EE15_M_destroy_nodeEPSt13_Rb_tree_nodeISB_E
0001c38c W _ZNSt8_Rb_treeINSt7__cxx1112basic_stringIcSt11char_traitsIcESaIcEEESt4pairIKS5_St6vectorIS5_SaIS5_EEESt10_Select1stISB_ESt4lessIS5_ESaISB_EE17_M_construct_nodeIJRKSt21piecewise_construct_tSt5tupleIJRS7_EESM_IJEEEEEvPSt13_Rb_tree_nodeISB_EDpOT_
0001d214 W _ZNSt8_Rb_treeINSt7__cxx1112basic_stringIcSt11char_traitsIcESaIcEEESt4pairIKS5_St6vectorIS5_SaIS5_EEESt10_Select1stISB_ESt4lessIS5_ESaISB_EE21_M_get_Node_allocatorEv
00019cc8 W _ZNSt8_Rb_treeINSt7__cxx1112basic_stringIcSt11char_traitsIcESaIcEEESt4pairIKS5_St6vectorIS5_SaIS5_EEESt10_Select1stISB_ESt4lessIS5_ESaISB_EE22_M_emplace_hint_uniqueIJRKSt21piecewise_construct_tSt5tupleIJRS7_EESM_IJEEEEESt17_Rb_tree_iteratorISB_ESt23_Rb_tree_const_iteratorISB_EDpOT_
0001c53c W _ZNSt8_Rb_treeINSt7__cxx1112basic_stringIcSt11char_traitsIcESaIcEEESt4pairIKS5_St6vectorIS5_SaIS5_EEESt10_Select1stISB_ESt4lessIS5_ESaISB_EE24_M_get_insert_unique_posERS7_
0001b088 W _ZNSt8_Rb_treeINSt7__cxx1112basic_stringIcSt11char_traitsIcESaIcEEESt4pairIKS5_St6vectorIS5_SaIS5_EEESt10_Select1stISB_ESt4lessIS5_ESaISB_EE29_M_get_insert_hint_unique_posESt23_Rb_tree_const_iteratorISB_ERS7_
0001a1b8 W _ZNSt8_Rb_treeINSt7__cxx1112basic_stringIcSt11char_traitsIcESaIcEEESt4pairIKS5_St6vectorIS5_SaIS5_EEESt10_Select1stISB_ESt4lessIS5_ESaISB_EE3endEv
0001a180 W _ZNSt8_Rb_treeINSt7__cxx1112basic_stringIcSt11char_traitsIcESaIcEEESt4pairIKS5_St6vectorIS5_SaIS5_EEESt10_Select1stISB_ESt4lessIS5_ESaISB_EE5beginEv
0001c288 W _ZNSt8_Rb_treeINSt7__cxx1112basic_stringIcSt11char_traitsIcESaIcEEESt4pairIKS5_St6vectorIS5_SaIS5_EEESt10_Select1stISB_ESt4lessIS5_ESaISB_EE6_M_endEv
0001b438 W _ZNSt8_Rb_treeINSt7__cxx1112basic_stringIcSt11char_traitsIcESaIcEEESt4pairIKS5_St6vectorIS5_SaIS5_EEESt10_Select1stISB_ESt4lessIS5_ESaISB_EE6_S_keyEPKSt13_Rb_tree_nodeISB_E
0001c4c4 W _ZNSt8_Rb_treeINSt7__cxx1112basic_stringIcSt11char_traitsIcESaIcEEESt4pairIKS5_St6vectorIS5_SaIS5_EEESt10_Select1stISB_ESt4lessIS5_ESaISB_EE6_S_keyEPKSt18_Rb_tree_node_base
0001ab54 W _ZNSt8_Rb_treeINSt7__cxx1112basic_stringIcSt11char_traitsIcESaIcEEESt4pairIKS5_St6vectorIS5_SaIS5_EEESt10_Select1stISB_ESt4lessIS5_ESaISB_EE7_S_leftEPSt18_Rb_tree_node_base
00019658 W _ZNSt8_Rb_treeINSt7__cxx1112basic_stringIcSt11char_traitsIcESaIcEEESt4pairIKS5_St6vectorIS5_SaIS5_EEESt10_Select1stISB_ESt4lessIS5_ESaISB_EE8_M_beginEv
000195f0 W _ZNSt8_Rb_treeINSt7__cxx1112basic_stringIcSt11char_traitsIcESaIcEEESt4pairIKS5_St6vectorIS5_SaIS5_EEESt10_Select1stISB_ESt4lessIS5_ESaISB_EE8_M_eraseEPSt13_Rb_tree_nodeISB_E
0001ab2c W _ZNSt8_Rb_treeINSt7__cxx1112basic_stringIcSt11char_traitsIcESaIcEEESt4pairIKS5_St6vectorIS5_SaIS5_EEESt10_Select1stISB_ESt4lessIS5_ESaISB_EE8_S_rightEPSt18_Rb_tree_node_base
00017a04 W _ZNSt8_Rb_treeINSt7__cxx1112basic_stringIcSt11char_traitsIcESaIcEEESt4pairIKS5_St6vectorIS5_SaIS5_EEESt10_Select1stISB_ESt4lessIS5_ESaISB_EEC1Ev
00017a04 W _ZNSt8_Rb_treeINSt7__cxx1112basic_stringIcSt11char_traitsIcESaIcEEESt4pairIKS5_St6vectorIS5_SaIS5_EEESt10_Select1stISB_ESt4lessIS5_ESaISB_EEC2Ev
000184d0 W _ZNSt8_Rb_treeINSt7__cxx1112basic_stringIcSt11char_traitsIcESaIcEEESt4pairIKS5_St6vectorIS5_SaIS5_EEESt10_Select1stISB_ESt4lessIS5_ESaISB_EED1Ev
000184d0 W _ZNSt8_Rb_treeINSt7__cxx1112basic_stringIcSt11char_traitsIcESaIcEEESt4pairIKS5_St6vectorIS5_SaIS5_EEESt10_Select1stISB_ESt4lessIS5_ESaISB_EED2Ev
         U _Znwj@GLIBCXX_3.4
00017458 W _ZnwjPv
0001d824 W _ZSt10_ConstructINSt7__cxx1112basic_stringIcSt11char_traitsIcESaIcEEEJRKS5_EEvPT_DpOT0_
0001d718 W _ZSt10_ConstructINSt7__cxx1112basic_stringIcSt11char_traitsIcESaIcEEEJRS5_EEvPT_DpOT0_
0001e1fc W _ZSt10_ConstructINSt7__cxx1112basic_stringIcSt11char_traitsIcESaIcEEEJS5_EEvPT_DpOT0_
0001d1cc W _ZSt11__addressofINSt7__cxx1112basic_stringIcSt11char_traitsIcESaIcEEEEPT_RS6_
0001e698 W _ZSt12__get_helperILj0ERKNSt7__cxx1112basic_stringIcSt11char_traitsIcESaIcEEEJEERT0_RSt11_Tuple_implIXT_EJS8_DpT1_EE
0001b5dc W _ZSt12__miter_baseIN9__gnu_cxx17__normal_iteratorIPKNSt7__cxx1112basic_stringIcSt11char_traitsIcESaIcEEESt6vectorIS7_SaIS7_EEEEET_SE_
0001b698 W _ZSt12__miter_baseIPNSt7__cxx1112basic_stringIcSt11char_traitsIcESaIcEEEET_S7_
0001c83c W _ZSt12__niter_baseIPKNSt7__cxx1112basic_stringIcSt11char_traitsIcESaIcEEESt6vectorIS5_SaIS5_EEET_N9__gnu_cxx17__normal_iteratorISB_T0_EE
0001c9c4 W _ZSt12__niter_baseIPNSt7__cxx1112basic_stringIcSt11char_traitsIcESaIcEEEET_S7_
0001c86c W _ZSt12__niter_baseIPNSt7__cxx1112basic_stringIcSt11char_traitsIcESaIcEEESt6vectorIS5_SaIS5_EEET_N9__gnu_cxx17__normal_iteratorISA_T0_EE
0001c8d4 W _ZSt12__niter_wrapIN9__gnu_cxx17__normal_iteratorIPNSt7__cxx1112basic_stringIcSt11char_traitsIcESaIcEEESt6vectorIS7_SaIS7_EEEES8_ET_SD_T0_
0001ca20 W _ZSt12__niter_wrapIPNSt7__cxx1112basic_stringIcSt11char_traitsIcESaIcEEEET_RKS7_S7_
0001d35c W _ZSt12__relocate_aIPNSt7__cxx1112basic_stringIcSt11char_traitsIcESaIcEEES6_SaIS5_EET0_T_S9_S8_RT1_
0001b600 W _ZSt13__copy_move_aILb0EN9__gnu_cxx17__normal_iteratorIPKNSt7__cxx1112basic_stringIcSt11char_traitsIcESaIcEEESt6vectorIS7_SaIS7_EEEENS1_IPS7_SC_EEET1_T0_SH_SG_
0001b6bc W _ZSt13__copy_move_aILb0EPNSt7__cxx1112basic_stringIcSt11char_traitsIcESaIcEEES6_ET1_T0_S8_S7_
0001c89c W _ZSt14__copy_move_a1ILb0EPKNSt7__cxx1112basic_stringIcSt11char_traitsIcESaIcEEEPS5_ET1_T0_SA_S9_
0001c9e8 W _ZSt14__copy_move_a1ILb0EPNSt7__cxx1112basic_stringIcSt11char_traitsIcESaIcEEES6_ET1_T0_S8_S7_
0001d59c W _ZSt14__copy_move_a2ILb0EPKNSt7__cxx1112basic_stringIcSt11char_traitsIcESaIcEEEPS5_ET1_T0_SA_S9_
0001d6e0 W _ZSt14__copy_move_a2ILb0EPNSt7__cxx1112basic_stringIcSt11char_traitsIcESaIcEEES6_ET1_T0_S8_S7_
0001daec W _ZSt14__relocate_a_1IPNSt7__cxx1112basic_stringIcSt11char_traitsIcESaIcEEES6_SaIS5_EET0_T_S9_S8_RT1_
00019e08 W _ZSt15__alloc_on_copyISaINSt7__cxx1112basic_stringIcSt11char_traitsIcESaIcEEEEEvRT_RKS7_
         U _ZSt17__throw_bad_allocv@GLIBCXX_3.4
0001b57c W _ZSt18__do_alloc_on_copyISaINSt7__cxx1112basic_stringIcSt11char_traitsIcESaIcEEEEEvRT_RKS7_St17integral_constantIbLb0EE
         U _ZSt18_Rb_tree_decrementPSt18_Rb_tree_node_base@GLIBCXX_3.4
         U _ZSt18_Rb_tree_incrementPKSt18_Rb_tree_node_base@GLIBCXX_3.4
         U _ZSt18_Rb_tree_incrementPSt18_Rb_tree_node_base@GLIBCXX_3.4
0001b8a0 W _ZSt18uninitialized_copyIN9__gnu_cxx17__normal_iteratorIPKNSt7__cxx1112basic_stringIcSt11char_traitsIcESaIcEEESt6vectorIS7_SaIS7_EEEEPS7_ET0_T_SG_SF_
0001b730 W _ZSt18uninitialized_copyIPNSt7__cxx1112basic_stringIcSt11char_traitsIcESaIcEEES6_ET0_T_S8_S7_
0001d3fc W _ZSt18uninitialized_copyISt13move_iteratorIPNSt7__cxx1112basic_stringIcSt11char_traitsIcESaIcEEEES7_ET0_T_SA_S9_
0001e10c W _ZSt19__relocate_object_aINSt7__cxx1112basic_stringIcSt11char_traitsIcESaIcEEES5_SaIS5_EEvPT_PT0_RT1_
         U _ZSt20__throw_length_errorPKc@GLIBCXX_3.4
         U _ZSt20__throw_out_of_rangePKc@GLIBCXX_3.4
0001a2a8 W _ZSt22__uninitialized_copy_aIN9__gnu_cxx17__normal_iteratorIPKNSt7__cxx1112basic_stringIcSt11char_traitsIcESaIcEEESt6vectorIS7_SaIS7_EEEEPS7_S7_ET0_T_SG_SF_RSaIT1_E
0001a0a0 W _ZSt22__uninitialized_copy_aIPNSt7__cxx1112basic_stringIcSt11char_traitsIcESaIcEEES6_S5_ET0_T_S8_S7_RSaIT1_E
0001c224 W _ZSt22__uninitialized_copy_aISt13move_iteratorIPNSt7__cxx1112basic_stringIcSt11char_traitsIcESaIcEEEES7_S6_ET0_T_SA_S9_RSaIT1_E
         U _ZSt24__throw_invalid_argumentPKc@GLIBCXX_3.4
         U _ZSt28_Rb_tree_rebalance_for_erasePSt18_Rb_tree_node_baseRS_@GLIBCXX_3.4
         U _ZSt29_Rb_tree_insert_and_rebalancebPSt18_Rb_tree_node_baseS0_RS_@GLIBCXX_3.4
0001c1f4 W _ZSt32__make_move_if_noexcept_iteratorINSt7__cxx1112basic_stringIcSt11char_traitsIcESaIcEEESt13move_iteratorIPS5_EET0_PT_
0001ae7c W _ZSt34__uninitialized_move_if_noexcept_aIPNSt7__cxx1112basic_stringIcSt11char_traitsIcESaIcEEES6_SaIS5_EET0_T_S9_S8_RT1_
0001e644 W _ZSt3getILj0EJRKNSt7__cxx1112basic_stringIcSt11char_traitsIcESaIcEEEEERNSt13tuple_elementIXT_ESt5tupleIJDpT0_EEE4typeERSC_
0001c138 W _ZSt3maxIjERKT_S2_S2_
0001940c W _ZSt3minIjERKT_S2_S2_
00019fd0 W _ZSt4copyIN9__gnu_cxx17__normal_iteratorIPKNSt7__cxx1112basic_stringIcSt11char_traitsIcESaIcEEESt6vectorIS7_SaIS7_EEEENS1_IPS7_SC_EEET0_T_SH_SG_
0001a050 W _ZSt4copyIPNSt7__cxx1112basic_stringIcSt11char_traitsIcESaIcEEES6_ET0_T_S8_S7_
00031250 B _ZSt4cout@GLIBCXX_3.4
         U _ZSt4endlIcSt11char_traitsIcEERSt13basic_ostreamIT_T0_ES6_@GLIBCXX_3.4
00019318 W _ZSt4moveIRNSt7__cxx1112basic_stringIcSt11char_traitsIcESaIcEEEEONSt16remove_referenceIT_E4typeEOS8_
0001db74 W _ZSt4moveIRPNSt7__cxx1112basic_stringIcSt11char_traitsIcESaIcEEEEONSt16remove_referenceIT_E4typeEOS9_
0001a308 W _ZSt4moveIRSt4pairIKiiEEONSt16remove_referenceIT_E4typeEOS5_
0001ce78 W _ZSt7forwardIbEOT_RNSt16remove_referenceIS0_E4typeE
0001a6d0 W _ZSt7forwardINSt7__cxx1112basic_stringIcSt11char_traitsIcESaIcEEEEOT_RNSt16remove_referenceIS6_E4typeE
0001a2e4 W _ZSt7forwardIRiEOT_RNSt16remove_referenceIS1_E4typeE
0001abb4 W _ZSt7forwardIRKNSt7__cxx1112basic_stringIcSt11char_traitsIcESaIcEEEEOT_RNSt16remove_referenceIS8_E4typeE
0001afa4 W _ZSt7forwardIRKSt21piecewise_construct_tEOT_RNSt16remove_referenceIS3_E4typeE
0001df78 W _ZSt7forwardIRNSt7__cxx1112basic_stringIcSt11char_traitsIcESaIcEEEEOT_RNSt16remove_referenceIS7_E4typeE
0001d8d8 W _ZSt7forwardIRPSt13_Rb_tree_nodeISt4pairIKiiEEEOT_RNSt16remove_referenceIS7_E4typeE
0001dde0 W _ZSt7forwardIRPSt13_Rb_tree_nodeISt4pairIKNSt7__cxx1112basic_stringIcSt11char_traitsIcESaIcEEESt6vectorIS7_SaIS7_EEEEEOT_RNSt16remove_referenceISG_E4typeE
0001d4d4 W _ZSt7forwardIRPSt18_Rb_tree_node_baseEOT_RNSt16remove_referenceIS3_E4typeE
0001ce54 W _ZSt7forwardISt17_Rb_tree_iteratorISt4pairIKiiEEEOT_RNSt16remove_referenceIS5_E4typeE
0001bad8 W _ZSt7forwardISt4pairIKiiEEOT_RNSt16remove_referenceIS3_E4typeE
0001afec W _ZSt7forwardISt5tupleIJEEEOT_RNSt16remove_referenceIS2_E4typeE
0001afc8 W _ZSt7forwardISt5tupleIJRKNSt7__cxx1112basic_stringIcSt11char_traitsIcESaIcEEEEEEOT_RNSt16remove_referenceISA_E4typeE
0001b66c W _ZSt8_DestroyIN9__gnu_cxx17__normal_iteratorIPNSt7__cxx1112basic_stringIcSt11char_traitsIcESaIcEEESt6vectorIS7_SaIS7_EEEEEvT_SD_
0001a020 W _ZSt8_DestroyIN9__gnu_cxx17__normal_iteratorIPNSt7__cxx1112basic_stringIcSt11char_traitsIcESaIcEEESt6vectorIS7_SaIS7_EEEES7_EvT_SD_RSaIT0_E
0001d1f0 W _ZSt8_DestroyINSt7__cxx1112basic_stringIcSt11char_traitsIcESaIcEEEEvPT_
0001aadc W _ZSt8_DestroyIPNSt7__cxx1112basic_stringIcSt11char_traitsIcESaIcEEEEvT_S7_
00019550 W _ZSt8_DestroyIPNSt7__cxx1112basic_stringIcSt11char_traitsIcESaIcEEES5_EvT_S7_RSaIT0_E
00019680 W _ZSteqIcEN9__gnu_cxx11__enable_ifIXsrSt9__is_charIT_E7__valueEbE6__typeERKNSt7__cxx1112basic_stringIS3_St11char_traitsIS3_ESaIS3_EEESE_
0001e3fc W _ZSteqIPNSt7__cxx1112basic_stringIcSt11char_traitsIcESaIcEEEEbRKSt13move_iteratorIT_ESB_
000192f0 W _ZSteqRKSaIcES1_
0001cd10 W _ZSteqRKSt17_Rb_tree_iteratorISt4pairIKiiEES5_
00019b50 W _ZSteqRKSt17_Rb_tree_iteratorISt4pairIKNSt7__cxx1112basic_stringIcSt11char_traitsIcESaIcEEESt6vectorIS6_SaIS6_EEEESE_
0001d058 W _ZSteqRKSt23_Rb_tree_const_iteratorISt4pairIKiiEES5_
000182e4 W _ZStgtIcSt11char_traitsIcESaIcEEbRKNSt7__cxx1112basic_stringIT_T0_T1_EESA_
0001e938 r _ZStL10adopt_lock
0001e930 r _ZStL10defer_lock
0001e934 r _ZStL11try_to_lock
0001e8b0 r _ZStL13allocator_arg
0001e928 r _ZStL13allocator_arg
0001f080 r _ZStL13allocator_arg
0001e8ac r _ZStL19piecewise_construct
0001e918 r _ZStL19piecewise_construct
0001f078 r _ZStL19piecewise_construct
0001e8b4 r _ZStL6ignore
0001e92c r _ZStL6ignore
0001f084 r _ZStL6ignore
000312e4 b _ZStL8__ioinit
00031358 b _ZStL8__ioinit
0003138c b _ZStL8__ioinit
         U _ZStlsIcSt11char_traitsIcESaIcEERSt13basic_ostreamIT_T0_ES7_RKNSt7__cxx1112basic_stringIS4_S5_T1_EE@GLIBCXX_3.4.21
         U _ZStlsISt11char_traitsIcEERSt13basic_ostreamIcT_ES5_PKc@GLIBCXX_3.4
         U _ZStlsISt11char_traitsIcEERSt13basic_ostreamIcT_ES5_PKh@GLIBCXX_3.4
0001af6c W _ZStltIcSt11char_traitsIcESaIcEEbRKNSt7__cxx1112basic_stringIT_T0_T1_EESA_
00018514 W _ZStneIcSt11char_traitsIcESaIcEEbRKNSt7__cxx1112basic_stringIT_T0_T1_EESA_
0001e164 W _ZStneIPNSt7__cxx1112basic_stringIcSt11char_traitsIcESaIcEEEEbRKSt13move_iteratorIT_ESB_
00019de0 W _ZStneRKSaINSt7__cxx1112basic_stringIcSt11char_traitsIcESaIcEEEES7_
0001920c W _ZStneRKSt17_Rb_tree_iteratorISt4pairIKiiEES5_
00018cb0 W _ZStneRKSt17_Rb_tree_iteratorISt4pairIKNSt7__cxx1112basic_stringIcSt11char_traitsIcESaIcEEESt6vectorIS6_SaIS6_EEEESE_
0001d0e0 W _ZStneRKSt23_Rb_tree_const_iteratorISt4pairIKiiEES5_
000181c8 W _ZStplIcSt11char_traitsIcESaIcEENSt7__cxx1112basic_stringIT_T0_T1_EEOS8_PKS5_
00018214 W _ZStplIcSt11char_traitsIcESaIcEENSt7__cxx1112basic_stringIT_T0_T1_EEOS8_RKS8_
00017f48 W _ZStplIcSt11char_traitsIcESaIcEENSt7__cxx1112basic_stringIT_T0_T1_EEOS8_S9_
000180f0 W _ZStplIcSt11char_traitsIcESaIcEENSt7__cxx1112basic_stringIT_T0_T1_EEPKS5_RKS8_
00017efc W _ZStplIcSt11char_traitsIcESaIcEENSt7__cxx1112basic_stringIT_T0_T1_EERKS8_PKS5_
000185d0 W _ZStplIcSt11char_traitsIcESaIcEENSt7__cxx1112basic_stringIT_T0_T1_EERKS8_S5_
00018298 W _ZStplIcSt11char_traitsIcESaIcEENSt7__cxx1112basic_stringIT_T0_T1_EERKS8_SA_
0003135c b _ZZ11insert_portP12HEADERPACKETiE1m
00031374 b _ZZ8pop_portiE1m
0001e91c r _ZZL18__gthread_active_pvE20__gthread_active_ptr
00017ba0 W _ZZN9__gnu_cxx6__stoaIlicJiEEET0_PFT_PKT1_PPS3_DpT2_EPKcS5_PjS9_EN10_Range_chk6_S_chkElSt17integral_constantIbLb1EE
00017b14 W _ZZN9__gnu_cxx6__stoaIlicJiEEET0_PFT_PKT1_PPS3_DpT2_EPKcS5_PjS9_EN11_Save_errnoC1Ev
00017b14 W _ZZN9__gnu_cxx6__stoaIlicJiEEET0_PFT_PKT1_PPS3_DpT2_EPKcS5_PjS9_EN11_Save_errnoC2Ev
00017b58 W _ZZN9__gnu_cxx6__stoaIlicJiEEET0_PFT_PKT1_PPS3_DpT2_EPKcS5_PjS9_EN11_Save_errnoD1Ev
00017b58 W _ZZN9__gnu_cxx6__stoaIlicJiEEET0_PFT_PKT1_PPS3_DpT2_EPKcS5_PjS9_EN11_Save_errnoD2Ev
0001efac u _ZZNSt8__detail18__to_chars_10_implIjEEvPcjT_E8__digits
